// Jest Snapshot v1, https://goo.gl/fbAQLP

exports[`should render expense list item 1`] = `
<div>
  <h3>
    A bill
  </h3>
  <p>
    Amount: 
    $100.00
       | Date Created: 
    Mon, Jan 1st, 2018
    <Link
      replace={false}
      to="/edit/1"
    >
      Edit
    </Link>
  </p>
</div>
`;
