// Jest Snapshot v1, https://goo.gl/fbAQLP

exports[`should render expense list with expenses 1`] = `
<div>
  <ExpenseListItem
    amount={10000}
    createdAt={"2018-01-01T05:00:00.000Z"}
    description="A bill"
    id="1"
    key="1"
    note="A note"
  />
  <ExpenseListItem
    amount={15000}
    createdAt={"2018-01-15T05:00:00.000Z"}
    description="B bill"
    id="2"
    key="2"
    note="B note"
  />
  <ExpenseListItem
    amount={8000}
    createdAt={"2017-02-20T05:00:00.000Z"}
    description="Gas"
    id="3"
    key="3"
    note="Corn!  It gives ya gas."
  />
</div>
`;

exports[`should render expense list without expenses 1`] = `
<div>
  <p>
    No expenses
  </p>
</div>
`;
