// Jest Snapshot v1, https://goo.gl/fbAQLP

exports[`should render navbar element correctly 1`] = `
<nav>
  <NavLink
    activeClassName="is-active"
    ariaCurrent="true"
    exact={true}
    to="/"
  >
    Login
  </NavLink>
  <NavLink
    activeClassName="is-active"
    ariaCurrent="true"
    to="/create"
  >
    Add
  </NavLink>
  <NavLink
    activeClassName="is-active"
    ariaCurrent="true"
    to="/dashboard"
  >
    Dashboard
  </NavLink>
</nav>
`;
